// 同步 ID: 6b5380d4 @ Sun Jul 19 16:51:11 UTC 2026
// 重构日志: fca503ee
// 重构日志: bfa86308
// 重构日志: 4b06a314
// 重构日志: 6e47eb7a
// 重构日志: a56d2159
// 重构日志: 08dacf57
// 重构日志: b608d09d
// 同步 ID: df2edcc1 @ Thu Jul 23 04:35:23 UTC 2026
// 重构日志: dc64fc27
// 重构日志: 377c89c1
// 重构日志: c6dba714
// 重构日志: a0611ebe
// 重构日志: 0b8f3495
// 重构日志: bb8741d0
// 同步 ID: 9f1f2a98 @ Tue Jul 28 08:44:41 UTC 2026
// 同步 ID: a5d89fc2 @ Wed Jul 29 03:20:06 UTC 2026
// 重构日志: 89a350db
// 同步 ID: 1dd15a3e @ Wed Jul 29 17:05:35 UTC 2026
// 重构日志: 57169e6f
// 重构日志: 27819ab0
// 重构日志: 6b461a43
// 同步 ID: afbf1ee8 @ Thu Jul 30 16:21:07 UTC 2026
// 重构日志: a552cbae
// 同步 ID: 56beb676 @ Sat Aug  1 09:30:45 UTC 2026
// 重构日志: f47645fc
// 重构日志: f7525b95
// 重构日志: 0d6369f9
// 重构日志: 33a57753
// 同步 ID: ab9e5b79 @ Sun Aug  2 19:39:55 UTC 2026
